// Jest Snapshot v1, https://goo.gl/fbAQLP

exports[`Welcome should match snapshot 1`] = `
ShallowWrapper {
  "length": 1,
  Symbol(enzyme.__root__): [Circular],
  Symbol(enzyme.__unrendered__): <Welcome
    film={
        Object {
            "crawl": "War! The Republic is crumbling under attacks by t…ate mission to rescue the captive Chancellor....",
            "releaseDate": "2005-05-19",
            "title": "Revenge of the Sith",
          }
    }
/>,
  Symbol(enzyme.__renderer__): Object {
    "batchedUpdates": [Function],
    "getNode": [Function],
    "render": [Function],
    "simulateEvent": [Function],
    "unmount": [Function],
  },
  Symbol(enzyme.__node__): Object {
    "instance": null,
    "key": undefined,
    "nodeType": "host",
    "props": Object {
      "children": <ScrollContainer
        crawl="War! The Republic is crumbling under attacks by t…ate mission to rescue the captive Chancellor...."
        releaseDate="2005-05-19"
        title="Revenge of the Sith"
/>,
      "className": "welcome",
    },
    "ref": null,
    "rendered": Object {
      "instance": null,
      "key": undefined,
      "nodeType": "function",
      "props": Object {
        "crawl": "War! The Republic is crumbling under attacks by t…ate mission to rescue the captive Chancellor....",
        "releaseDate": "2005-05-19",
        "title": "Revenge of the Sith",
      },
      "ref": null,
      "rendered": null,
      "type": [Function],
    },
    "type": "div",
  },
  Symbol(enzyme.__nodes__): Array [
    Object {
      "instance": null,
      "key": undefined,
      "nodeType": "host",
      "props": Object {
        "children": <ScrollContainer
          crawl="War! The Republic is crumbling under attacks by t…ate mission to rescue the captive Chancellor...."
          releaseDate="2005-05-19"
          title="Revenge of the Sith"
/>,
        "className": "welcome",
      },
      "ref": null,
      "rendered": Object {
        "instance": null,
        "key": undefined,
        "nodeType": "function",
        "props": Object {
          "crawl": "War! The Republic is crumbling under attacks by t…ate mission to rescue the captive Chancellor....",
          "releaseDate": "2005-05-19",
          "title": "Revenge of the Sith",
        },
        "ref": null,
        "rendered": null,
        "type": [Function],
      },
      "type": "div",
    },
  ],
  Symbol(enzyme.__options__): Object {
    "adapter": ReactSixteenAdapter {
      "options": Object {
        "enableComponentDidUpdateOnSetState": true,
      },
    },
  },
}
`;
