// Jest Snapshot v1, https://goo.gl/fbAQLP

exports[`Main should match snapshot 1`] = `
ShallowWrapper {
  "length": 1,
  Symbol(enzyme.__root__): [Circular],
  Symbol(enzyme.__unrendered__): <Main
    favorites={Array []}
    film={
        Object {
            "crawl": "War! The Republic is crumbling under attacks by tâ€¦ate mission to rescue the captive Chancellor....",
            "releaseDate": "2005-05-19",
            "title": "Revenge of the Sith",
          }
    }
    onFavClick={[Function]}
    people={
        Array [
            Object {
              "homeworld": "Tatooine",
              "name": "Luke Skywalker",
              "population": 200000,
              "species": "Human",
            },
          ]
    }
    planets={
        Array [
            Object {
              "climate": "temperate",
              "name": "Coruscant",
              "population": "1000000000000",
              "residents": Array [
                "Finis Valorum",
                "Adi Gallia",
                "Jocasta Nu",
              ],
              "terrain": "cityscape, mountains",
            },
          ]
    }
    vehicles={
        Array [
            Object {
              "model": "Digger Crawler",
              "name": "Sand Crawler",
              "passengers": "30",
              "vehicleClass": "wheeled",
            },
          ]
    }
/>,
  Symbol(enzyme.__renderer__): Object {
    "batchedUpdates": [Function],
    "getNode": [Function],
    "render": [Function],
    "simulateEvent": [Function],
    "unmount": [Function],
  },
  Symbol(enzyme.__node__): Object {
    "instance": null,
    "key": undefined,
    "nodeType": "host",
    "props": Object {
      "children": <div
        className="card-box"
>
        <Switch>
                <Route
                        exact={true}
                        path="/"
                        render={[Function]}
                />
                <Route
                        path="/people"
                        render={[Function]}
                />
                <Route
                        path="/vehicles"
                        render={[Function]}
                />
                <Route
                        path="/planets"
                        render={[Function]}
                />
                <Route
                        path="/favorites"
                        render={[Function]}
                />
        </Switch>
</div>,
    },
    "ref": null,
    "rendered": Object {
      "instance": null,
      "key": undefined,
      "nodeType": "host",
      "props": Object {
        "children": <Switch>
          <Route
                    exact={true}
                    path="/"
                    render={[Function]}
          />
          <Route
                    path="/people"
                    render={[Function]}
          />
          <Route
                    path="/vehicles"
                    render={[Function]}
          />
          <Route
                    path="/planets"
                    render={[Function]}
          />
          <Route
                    path="/favorites"
                    render={[Function]}
          />
</Switch>,
        "className": "card-box",
      },
      "ref": null,
      "rendered": Object {
        "instance": null,
        "key": undefined,
        "nodeType": "class",
        "props": Object {
          "children": Array [
            <Route
              exact={true}
              path="/"
              render={[Function]}
/>,
            <Route
              path="/people"
              render={[Function]}
/>,
            <Route
              path="/vehicles"
              render={[Function]}
/>,
            <Route
              path="/planets"
              render={[Function]}
/>,
            <Route
              path="/favorites"
              render={[Function]}
/>,
          ],
        },
        "ref": null,
        "rendered": Array [
          Object {
            "instance": null,
            "key": undefined,
            "nodeType": "class",
            "props": Object {
              "exact": true,
              "path": "/",
              "render": [Function],
            },
            "ref": null,
            "rendered": null,
            "type": [Function],
          },
          Object {
            "instance": null,
            "key": undefined,
            "nodeType": "class",
            "props": Object {
              "path": "/people",
              "render": [Function],
            },
            "ref": null,
            "rendered": null,
            "type": [Function],
          },
          Object {
            "instance": null,
            "key": undefined,
            "nodeType": "class",
            "props": Object {
              "path": "/vehicles",
              "render": [Function],
            },
            "ref": null,
            "rendered": null,
            "type": [Function],
          },
          Object {
            "instance": null,
            "key": undefined,
            "nodeType": "class",
            "props": Object {
              "path": "/planets",
              "render": [Function],
            },
            "ref": null,
            "rendered": null,
            "type": [Function],
          },
          Object {
            "instance": null,
            "key": undefined,
            "nodeType": "class",
            "props": Object {
              "path": "/favorites",
              "render": [Function],
            },
            "ref": null,
            "rendered": null,
            "type": [Function],
          },
        ],
        "type": [Function],
      },
      "type": "div",
    },
    "type": "main",
  },
  Symbol(enzyme.__nodes__): Array [
    Object {
      "instance": null,
      "key": undefined,
      "nodeType": "host",
      "props": Object {
        "children": <div
          className="card-box"
>
          <Switch>
                    <Route
                              exact={true}
                              path="/"
                              render={[Function]}
                    />
                    <Route
                              path="/people"
                              render={[Function]}
                    />
                    <Route
                              path="/vehicles"
                              render={[Function]}
                    />
                    <Route
                              path="/planets"
                              render={[Function]}
                    />
                    <Route
                              path="/favorites"
                              render={[Function]}
                    />
          </Switch>
</div>,
      },
      "ref": null,
      "rendered": Object {
        "instance": null,
        "key": undefined,
        "nodeType": "host",
        "props": Object {
          "children": <Switch>
            <Route
                        exact={true}
                        path="/"
                        render={[Function]}
            />
            <Route
                        path="/people"
                        render={[Function]}
            />
            <Route
                        path="/vehicles"
                        render={[Function]}
            />
            <Route
                        path="/planets"
                        render={[Function]}
            />
            <Route
                        path="/favorites"
                        render={[Function]}
            />
</Switch>,
          "className": "card-box",
        },
        "ref": null,
        "rendered": Object {
          "instance": null,
          "key": undefined,
          "nodeType": "class",
          "props": Object {
            "children": Array [
              <Route
                exact={true}
                path="/"
                render={[Function]}
/>,
              <Route
                path="/people"
                render={[Function]}
/>,
              <Route
                path="/vehicles"
                render={[Function]}
/>,
              <Route
                path="/planets"
                render={[Function]}
/>,
              <Route
                path="/favorites"
                render={[Function]}
/>,
            ],
          },
          "ref": null,
          "rendered": Array [
            Object {
              "instance": null,
              "key": undefined,
              "nodeType": "class",
              "props": Object {
                "exact": true,
                "path": "/",
                "render": [Function],
              },
              "ref": null,
              "rendered": null,
              "type": [Function],
            },
            Object {
              "instance": null,
              "key": undefined,
              "nodeType": "class",
              "props": Object {
                "path": "/people",
                "render": [Function],
              },
              "ref": null,
              "rendered": null,
              "type": [Function],
            },
            Object {
              "instance": null,
              "key": undefined,
              "nodeType": "class",
              "props": Object {
                "path": "/vehicles",
                "render": [Function],
              },
              "ref": null,
              "rendered": null,
              "type": [Function],
            },
            Object {
              "instance": null,
              "key": undefined,
              "nodeType": "class",
              "props": Object {
                "path": "/planets",
                "render": [Function],
              },
              "ref": null,
              "rendered": null,
              "type": [Function],
            },
            Object {
              "instance": null,
              "key": undefined,
              "nodeType": "class",
              "props": Object {
                "path": "/favorites",
                "render": [Function],
              },
              "ref": null,
              "rendered": null,
              "type": [Function],
            },
          ],
          "type": [Function],
        },
        "type": "div",
      },
      "type": "main",
    },
  ],
  Symbol(enzyme.__options__): Object {
    "adapter": ReactSixteenAdapter {
      "options": Object {
        "enableComponentDidUpdateOnSetState": true,
      },
    },
  },
}
`;
