// Jest Snapshot v1, https://goo.gl/fbAQLP

exports[`Nav should match snapshot 1`] = `
ShallowWrapper {
  "length": 1,
  Symbol(enzyme.__root__): [Circular],
  Symbol(enzyme.__unrendered__): <Nav
    onClick={[Function]}
/>,
  Symbol(enzyme.__renderer__): Object {
    "batchedUpdates": [Function],
    "getNode": [Function],
    "render": [Function],
    "simulateEvent": [Function],
    "unmount": [Function],
  },
  Symbol(enzyme.__node__): Object {
    "instance": null,
    "key": undefined,
    "nodeType": "host",
    "props": Object {
      "children": <div
        className="btn-box"
>
        <button
                className="btn-1"
                onClick={[Function]}
        >
                <NavLink
                        activeClassName="active"
                        ariaCurrent="true"
                        to="/people"
                >
                        People
                </NavLink>
        </button>
        <button
                className="btn-2"
                onClick={[Function]}
        >
                <NavLink
                        activeClassName="active"
                        ariaCurrent="true"
                        to="/planets"
                >
                        Planets
                </NavLink>
        </button>
        <button
                className="btn-3"
                onClick={[Function]}
        >
                <NavLink
                        activeClassName="active"
                        ariaCurrent="true"
                        to="/vehicles"
                >
                        Vehicles
                </NavLink>
        </button>
</div>,
    },
    "ref": null,
    "rendered": Object {
      "instance": null,
      "key": undefined,
      "nodeType": "host",
      "props": Object {
        "children": Array [
          <button
            className="btn-1"
            onClick={[Function]}
>
            <NavLink
                        activeClassName="active"
                        ariaCurrent="true"
                        to="/people"
            >
                        People
            </NavLink>
</button>,
          <button
            className="btn-2"
            onClick={[Function]}
>
            <NavLink
                        activeClassName="active"
                        ariaCurrent="true"
                        to="/planets"
            >
                        Planets
            </NavLink>
</button>,
          <button
            className="btn-3"
            onClick={[Function]}
>
            <NavLink
                        activeClassName="active"
                        ariaCurrent="true"
                        to="/vehicles"
            >
                        Vehicles
            </NavLink>
</button>,
        ],
        "className": "btn-box",
      },
      "ref": null,
      "rendered": Array [
        Object {
          "instance": null,
          "key": undefined,
          "nodeType": "host",
          "props": Object {
            "children": <NavLink
              activeClassName="active"
              ariaCurrent="true"
              to="/people"
>
              People
</NavLink>,
            "className": "btn-1",
            "onClick": [Function],
          },
          "ref": null,
          "rendered": Object {
            "instance": null,
            "key": undefined,
            "nodeType": "function",
            "props": Object {
              "activeClassName": "active",
              "ariaCurrent": "true",
              "children": "People",
              "to": "/people",
            },
            "ref": null,
            "rendered": "People",
            "type": [Function],
          },
          "type": "button",
        },
        Object {
          "instance": null,
          "key": undefined,
          "nodeType": "host",
          "props": Object {
            "children": <NavLink
              activeClassName="active"
              ariaCurrent="true"
              to="/planets"
>
              Planets
</NavLink>,
            "className": "btn-2",
            "onClick": [Function],
          },
          "ref": null,
          "rendered": Object {
            "instance": null,
            "key": undefined,
            "nodeType": "function",
            "props": Object {
              "activeClassName": "active",
              "ariaCurrent": "true",
              "children": "Planets",
              "to": "/planets",
            },
            "ref": null,
            "rendered": "Planets",
            "type": [Function],
          },
          "type": "button",
        },
        Object {
          "instance": null,
          "key": undefined,
          "nodeType": "host",
          "props": Object {
            "children": <NavLink
              activeClassName="active"
              ariaCurrent="true"
              to="/vehicles"
>
              Vehicles
</NavLink>,
            "className": "btn-3",
            "onClick": [Function],
          },
          "ref": null,
          "rendered": Object {
            "instance": null,
            "key": undefined,
            "nodeType": "function",
            "props": Object {
              "activeClassName": "active",
              "ariaCurrent": "true",
              "children": "Vehicles",
              "to": "/vehicles",
            },
            "ref": null,
            "rendered": "Vehicles",
            "type": [Function],
          },
          "type": "button",
        },
      ],
      "type": "div",
    },
    "type": "nav",
  },
  Symbol(enzyme.__nodes__): Array [
    Object {
      "instance": null,
      "key": undefined,
      "nodeType": "host",
      "props": Object {
        "children": <div
          className="btn-box"
>
          <button
                    className="btn-1"
                    onClick={[Function]}
          >
                    <NavLink
                              activeClassName="active"
                              ariaCurrent="true"
                              to="/people"
                    >
                              People
                    </NavLink>
          </button>
          <button
                    className="btn-2"
                    onClick={[Function]}
          >
                    <NavLink
                              activeClassName="active"
                              ariaCurrent="true"
                              to="/planets"
                    >
                              Planets
                    </NavLink>
          </button>
          <button
                    className="btn-3"
                    onClick={[Function]}
          >
                    <NavLink
                              activeClassName="active"
                              ariaCurrent="true"
                              to="/vehicles"
                    >
                              Vehicles
                    </NavLink>
          </button>
</div>,
      },
      "ref": null,
      "rendered": Object {
        "instance": null,
        "key": undefined,
        "nodeType": "host",
        "props": Object {
          "children": Array [
            <button
              className="btn-1"
              onClick={[Function]}
>
              <NavLink
                            activeClassName="active"
                            ariaCurrent="true"
                            to="/people"
              >
                            People
              </NavLink>
</button>,
            <button
              className="btn-2"
              onClick={[Function]}
>
              <NavLink
                            activeClassName="active"
                            ariaCurrent="true"
                            to="/planets"
              >
                            Planets
              </NavLink>
</button>,
            <button
              className="btn-3"
              onClick={[Function]}
>
              <NavLink
                            activeClassName="active"
                            ariaCurrent="true"
                            to="/vehicles"
              >
                            Vehicles
              </NavLink>
</button>,
          ],
          "className": "btn-box",
        },
        "ref": null,
        "rendered": Array [
          Object {
            "instance": null,
            "key": undefined,
            "nodeType": "host",
            "props": Object {
              "children": <NavLink
                activeClassName="active"
                ariaCurrent="true"
                to="/people"
>
                People
</NavLink>,
              "className": "btn-1",
              "onClick": [Function],
            },
            "ref": null,
            "rendered": Object {
              "instance": null,
              "key": undefined,
              "nodeType": "function",
              "props": Object {
                "activeClassName": "active",
                "ariaCurrent": "true",
                "children": "People",
                "to": "/people",
              },
              "ref": null,
              "rendered": "People",
              "type": [Function],
            },
            "type": "button",
          },
          Object {
            "instance": null,
            "key": undefined,
            "nodeType": "host",
            "props": Object {
              "children": <NavLink
                activeClassName="active"
                ariaCurrent="true"
                to="/planets"
>
                Planets
</NavLink>,
              "className": "btn-2",
              "onClick": [Function],
            },
            "ref": null,
            "rendered": Object {
              "instance": null,
              "key": undefined,
              "nodeType": "function",
              "props": Object {
                "activeClassName": "active",
                "ariaCurrent": "true",
                "children": "Planets",
                "to": "/planets",
              },
              "ref": null,
              "rendered": "Planets",
              "type": [Function],
            },
            "type": "button",
          },
          Object {
            "instance": null,
            "key": undefined,
            "nodeType": "host",
            "props": Object {
              "children": <NavLink
                activeClassName="active"
                ariaCurrent="true"
                to="/vehicles"
>
                Vehicles
</NavLink>,
              "className": "btn-3",
              "onClick": [Function],
            },
            "ref": null,
            "rendered": Object {
              "instance": null,
              "key": undefined,
              "nodeType": "function",
              "props": Object {
                "activeClassName": "active",
                "ariaCurrent": "true",
                "children": "Vehicles",
                "to": "/vehicles",
              },
              "ref": null,
              "rendered": "Vehicles",
              "type": [Function],
            },
            "type": "button",
          },
        ],
        "type": "div",
      },
      "type": "nav",
    },
  ],
  Symbol(enzyme.__options__): Object {
    "adapter": ReactSixteenAdapter {
      "options": Object {
        "enableComponentDidUpdateOnSetState": true,
      },
    },
  },
}
`;
